// Jest Snapshot v1, https://goo.gl/fbAQLP

exports[`<Header /> should render a div 1`] = `
<div
  class="sc-bdvvtL cBjQmZ"
>
  <nav
    class="navbar navbar-expand navbar-light bg-light"
  >
    <div
      class="container"
    >
      <a
        class="navbar-brand"
        href="/"
      >
        <img
          alt="app.logo"
          class="logo"
          src="logo.png"
        />
      </a>
      <button
        aria-controls="basic-navbar-nav"
        aria-label="Toggle navigation"
        class="navbar-toggler collapsed"
        type="button"
      >
        <span
          class="navbar-toggler-icon"
        />
      </button>
      <div
        class="navbar-collapse collapse"
        id="basic-navbar-nav"
      >
        <div
          class="me-auto navbar-nav"
        >
          <a
            class="home-link nav-link"
            href="/"
          >
            app.header.navbar.home
          </a>
        </div>
      </div>
    </div>
  </nav>
</div>
`;
